2026-08-23 19:36:27.693 DEBUG (MainThread) [custom_components.navimow.coordinator] Coordinator update: device=REDACTED-ROBOT-SERIAL source=http_fallback battery=100 mqtt_ts=None mqtt_state_ts=None http_ts=6497897.293389718
2026-08-23 19:36:57.694 DEBUG (MainThread) [custom_components.navimow.coordinator] Coordinator update: device=REDACTED-ROBOT-SERIAL source=http_fallback battery=100 mqtt_ts=None mqtt_state_ts=None http_ts=6497897.293389718
2026-08-23 19:37:27.844 INFO (MainThread) [custom_components.navimow.coordinator] HTTP fallback succeeded for device REDACTED-ROBOT-SERIAL (MQTT stale): battery=100
2026-08-23 19:37:27.845 DEBUG (MainThread) [custom_components.navimow.coordinator] Coordinator update: device=REDACTED-ROBOT-SERIAL source=http_fallback battery=100 mqtt_ts=None mqtt_state_ts=None http_ts=6497987.292693231
2026-08-23 19:37:57.694 DEBUG (MainThread) [custom_components.navimow.coordinator] Coordinator update: device=REDACTED-ROBOT-SERIAL source=http_fallback battery=100 mqtt_ts=None mqtt_state_ts=None http_ts=6497987.292693231
2026-08-23 19:38:27.693 DEBUG (MainThread) [custom_components.navimow.coordinator] Coordinator update: device=REDACTED-ROBOT-SERIAL source=http_fallback battery=100 mqtt_ts=None mqtt_state_ts=None http_ts=6497987.292693231
2026-08-23 19:38:57.832 INFO (MainThread) [custom_components.navimow.coordinator] HTTP fallback succeeded for device REDACTED-ROBOT-SERIAL (MQTT stale): battery=100
2026-08-23 19:38:57.832 DEBUG (MainThread) [custom_components.navimow.coordinator] Coordinator update: device=REDACTED-ROBOT-SERIAL source=http_fallback battery=100 mqtt_ts=None mqtt_state_ts=None http_ts=6498077.293224632
2026-08-23 19:39:27.693 DEBUG (MainThread) [custom_components.navimow.coordinator] Coordinator update: device=REDACTED-ROBOT-SERIAL source=http_fallback battery=100 mqtt_ts=None mqtt_state_ts=None http_ts=6498077.293224632
2026-08-23 19:39:57.888 INFO (MainThread) [custom_components.navimow.coordinator] HTTP fallback succeeded for device REDACTED-ROBOT-SERIAL (MQTT stale): battery=100
2026-08-23 19:39:57.888 DEBUG (MainThread) [custom_components.navimow.coordinator] Coordinator update: device=REDACTED-ROBOT-SERIAL source=http_fallback battery=100 mqtt_ts=None mqtt_state_ts=None http_ts=6498137.293962229
2026-08-23 19:40:27.694 DEBUG (MainThread) [custom_components.navimow.coordinator] Coordinator update: device=REDACTED-ROBOT-SERIAL source=http_fallback battery=100 mqtt_ts=None mqtt_state_ts=None http_ts=6498137.293962229
2026-08-23 19:40:57.694 DEBUG (MainThread) [custom_components.navimow.coordinator] Coordinator update: device=REDACTED-ROBOT-SERIAL source=http_fallback battery=100 mqtt_ts=None mqtt_state_ts=None http_ts=6498137.293962229
2026-08-23 19:41:27.834 INFO (MainThread) [custom_components.navimow.coordinator] HTTP fallback succeeded for device REDACTED-ROBOT-SERIAL (MQTT stale): battery=100
2026-08-23 19:41:27.835 DEBUG (MainThread) [custom_components.navimow.coordinator] Coordinator update: device=REDACTED-ROBOT-SERIAL source=http_fallback battery=100 mqtt_ts=None mqtt_state_ts=None http_ts=6498227.292542073
2026-08-23 19:41:57.694 DEBUG (MainThread) [custom_components.navimow.coordinator] Coordinator update: device=REDACTED-ROBOT-SERIAL source=http_fallback battery=100 mqtt_ts=None mqtt_state_ts=None http_ts=6498227.292542073
2026-08-23 19:42:27.815 INFO (MainThread) [custom_components.navimow.coordinator] HTTP fallback succeeded for device REDACTED-ROBOT-SERIAL (MQTT stale): battery=100
2026-08-23 19:42:27.815 DEBUG (MainThread) [custom_components.navimow.coordinator] Coordinator update: device=REDACTED-ROBOT-SERIAL source=http_fallback battery=100 mqtt_ts=None mqtt_state_ts=None http_ts=6498287.293293081
2026-08-23 19:42:57.693 DEBUG (MainThread) [custom_components.navimow.coordinator] Coordinator update: device=REDACTED-ROBOT-SERIAL source=http_fallback battery=100 mqtt_ts=None mqtt_state_ts=None http_ts=6498287.293293081
2026-08-23 19:43:15.764 DEBUG (paho-mqtt-client-REDACTED-MQTT-CLIENT-ID) [mower_sdk.mqtt] NavimowMQTT payload: topic=/downlink/vehicle/REDACTED-ROBOT-SERIAL/realtimeDate/state payload={"battery":100,"device_id":"REDACTED-ROBOT-SERIAL","state":"isRunning","timestamp":1787506995749}
2026-08-23 19:43:15.766 DEBUG (MainThread) [custom_components.navimow.coordinator] MQTT state received: device=REDACTED-ROBOT-SERIAL state=mowing battery=100
2026-08-23 19:43:15.766 DEBUG (MainThread) [custom_components.navimow.coordinator] MQTT state applied: device=REDACTED-ROBOT-SERIAL incoming_battery=100 held_battery=100
2026-08-23 19:43:15.814 DEBUG (paho-mqtt-client-REDACTED-MQTT-CLIENT-ID) [mower_sdk.mqtt] NavimowMQTT payload: topic=/downlink/vehicle/REDACTED-ROBOT-SERIAL/realtimeDate/state payload={"battery":100,"device_id":"REDACTED-ROBOT-SERIAL","state":"isRunning","timestamp":1787506995787}
2026-08-23 19:43:15.815 DEBUG (MainThread) [custom_components.navimow.coordinator] MQTT state received: device=REDACTED-ROBOT-SERIAL state=mowing battery=100
2026-08-23 19:43:15.816 DEBUG (MainThread) [custom_components.navimow.coordinator] MQTT state applied: device=REDACTED-ROBOT-SERIAL incoming_battery=100 held_battery=100
2026-08-23 19:43:15.822 DEBUG (paho-mqtt-client-REDACTED-MQTT-CLIENT-ID) [mower_sdk.mqtt] NavimowMQTT payload: topic=/downlink/vehicle/REDACTED-ROBOT-SERIAL/realtimeDate/state payload={"battery":100,"device_id":"REDACTED-ROBOT-SERIAL","state":"isRunning","timestamp":1787506995799}
2026-08-23 19:43:15.824 DEBUG (MainThread) [custom_components.navimow.coordinator] MQTT state received: device=REDACTED-ROBOT-SERIAL state=mowing battery=100
2026-08-23 19:43:15.825 DEBUG (MainThread) [custom_components.navimow.coordinator] MQTT state applied: device=REDACTED-ROBOT-SERIAL incoming_battery=100 held_battery=100
2026-08-23 19:43:45.693 DEBUG (MainThread) [custom_components.navimow.coordinator] Coordinator update: device=REDACTED-ROBOT-SERIAL source=mqtt_cache battery=100 mqtt_ts=6498335.423719778 mqtt_state_ts=6498335.423719778 http_ts=6498287.293293081
2026-08-23 19:44:15.693 DEBUG (MainThread) [custom_components.navimow.coordinator] Coordinator update: device=REDACTED-ROBOT-SERIAL source=mqtt_cache battery=100 mqtt_ts=6498335.423719778 mqtt_state_ts=6498335.423719778 http_ts=6498287.293293081
2026-08-23 19:44:51.833 INFO (MainThread) [custom_components.navimow.coordinator] HTTP fallback succeeded for device REDACTED-ROBOT-SERIAL (MQTT stale): battery=100
2026-08-23 19:44:51.833 DEBUG (MainThread) [custom_components.navimow.coordinator] Coordinator update: device=REDACTED-ROBOT-SERIAL source=http_fallback battery=100 mqtt_ts=6498335.423719778 mqtt_state_ts=6498335.423719778 http_ts=6498431.293520397
2026-08-23 19:45:40.694 DEBUG (MainThread) [custom_components.navimow.coordinator] Coordinator update: device=REDACTED-ROBOT-SERIAL source=mqtt_cache battery=100 mqtt_ts=6498335.423719778 mqtt_state_ts=6498335.423719778 http_ts=6498431.293520397
2026-08-23 19:46:10.824 INFO (MainThread) [custom_components.navimow.coordinator] HTTP fallback succeeded for device REDACTED-ROBOT-SERIAL (MQTT stale): battery=100
2026-08-23 19:46:10.825 DEBUG (MainThread) [custom_components.navimow.coordinator] Coordinator update: device=REDACTED-ROBOT-SERIAL source=http_fallback battery=100 mqtt_ts=6498335.423719778 mqtt_state_ts=6498335.423719778 http_ts=6498510.293524223
2026-08-23 19:46:51.693 DEBUG (MainThread) [custom_components.navimow.coordinator] Coordinator update: device=REDACTED-ROBOT-SERIAL source=mqtt_cache battery=100 mqtt_ts=6498335.423719778 mqtt_state_ts=6498335.423719778 http_ts=6498510.293524223
2026-08-23 19:47:40.814 INFO (MainThread) [custom_components.navimow.coordinator] HTTP fallback succeeded for device REDACTED-ROBOT-SERIAL (MQTT stale): battery=100
2026-08-23 19:47:40.814 DEBUG (MainThread) [custom_components.navimow.coordinator] Coordinator update: device=REDACTED-ROBOT-SERIAL source=http_fallback battery=100 mqtt_ts=6498335.423719778 mqtt_state_ts=6498335.423719778 http_ts=6498600.2931731
2026-08-23 19:48:31.695 DEBUG (MainThread) [custom_components.navimow.coordinator] Coordinator update: device=REDACTED-ROBOT-SERIAL source=mqtt_cache battery=100 mqtt_ts=6498335.423719778 mqtt_state_ts=6498335.423719778 http_ts=6498600.2931731
2026-08-23 19:49:30.835 INFO (MainThread) [custom_components.navimow.coordinator] HTTP fallback succeeded for device REDACTED-ROBOT-SERIAL (MQTT stale): battery=100
2026-08-23 19:49:30.835 DEBUG (MainThread) [custom_components.navimow.coordinator] Coordinator update: device=REDACTED-ROBOT-SERIAL source=http_fallback battery=100 mqtt_ts=6498335.423719778 mqtt_state_ts=6498335.423719778 http_ts=6498710.293217399
2026-08-23 19:49:32.172 DEBUG (paho-mqtt-client-REDACTED-MQTT-CLIENT-ID) [mower_sdk.mqtt] NavimowMQTT payload: topic=/downlink/vehicle/REDACTED-ROBOT-SERIAL/realtimeDate/state payload={"battery":99,"device_id":"REDACTED-ROBOT-SERIAL","state":"isRunning","timestamp":1787507372160}
2026-08-23 19:49:32.174 DEBUG (MainThread) [custom_components.navimow.coordinator] MQTT state received: device=REDACTED-ROBOT-SERIAL state=mowing battery=99
2026-08-23 19:49:32.174 DEBUG (MainThread) [custom_components.navimow.coordinator] MQTT state applied: device=REDACTED-ROBOT-SERIAL incoming_battery=99 held_battery=100
2026-08-23 19:50:01.693 DEBUG (MainThread) [custom_components.navimow.coordinator] Coordinator update: device=REDACTED-ROBOT-SERIAL source=mqtt_cache battery=100 mqtt_ts=6498711.77359203 mqtt_state_ts=6498711.77359203 http_ts=6498710.293217399
2026-08-23 19:50:56.971 DEBUG (paho-mqtt-client-REDACTED-MQTT-CLIENT-ID) [mower_sdk.mqtt] NavimowMQTT payload: topic=/downlink/vehicle/REDACTED-ROBOT-SERIAL/realtimeDate/state payload={"battery":98,"device_id":"REDACTED-ROBOT-SERIAL","state":"isRunning","timestamp":1787507456960}
2026-08-23 19:50:56.976 DEBUG (MainThread) [custom_components.navimow.coordinator] MQTT state received: device=REDACTED-ROBOT-SERIAL state=mowing battery=98
2026-08-23 19:50:56.977 DEBUG (MainThread) [custom_components.navimow.coordinator] MQTT state applied: device=REDACTED-ROBOT-SERIAL incoming_battery=98 held_battery=100
2026-08-23 19:51:26.694 DEBUG (MainThread) [custom_components.navimow.coordinator] Coordinator update: device=REDACTED-ROBOT-SERIAL source=mqtt_cache battery=100 mqtt_ts=6498796.576279657 mqtt_state_ts=6498796.576279657 http_ts=6498710.293217399
2026-08-23 19:52:21.694 DEBUG (MainThread) [custom_components.navimow.coordinator] Coordinator update: device=REDACTED-ROBOT-SERIAL source=mqtt_cache battery=100 mqtt_ts=6498796.576279657 mqtt_state_ts=6498796.576279657 http_ts=6498710.293217399
2026-08-23 19:52:30.847 DEBUG (paho-mqtt-client-REDACTED-MQTT-CLIENT-ID) [mower_sdk.mqtt] NavimowMQTT payload: topic=/downlink/vehicle/REDACTED-ROBOT-SERIAL/realtimeDate/state payload={"battery":97,"device_id":"REDACTED-ROBOT-SERIAL","state":"isRunning","timestamp":1787507550836}
2026-08-23 19:52:30.849 DEBUG (MainThread) [custom_components.navimow.coordinator] MQTT state received: device=REDACTED-ROBOT-SERIAL state=mowing battery=97
2026-08-23 19:52:30.849 DEBUG (MainThread) [custom_components.navimow.coordinator] MQTT state applied: device=REDACTED-ROBOT-SERIAL incoming_battery=97 held_battery=100
2026-08-23 19:53:10.693 DEBUG (MainThread) [custom_components.navimow.coordinator] Coordinator update: device=REDACTED-ROBOT-SERIAL source=mqtt_cache battery=100 mqtt_ts=6498890.448559481 mqtt_state_ts=6498890.448559481 http_ts=6498710.293217399
2026-08-23 19:53:40.693 DEBUG (MainThread) [custom_components.navimow.coordinator] Coordinator update: device=REDACTED-ROBOT-SERIAL source=mqtt_cache battery=100 mqtt_ts=6498890.448559481 mqtt_state_ts=6498890.448559481 http_ts=6498710.293217399
2026-08-23 19:53:59.130 DEBUG (paho-mqtt-client-REDACTED-MQTT-CLIENT-ID) [mower_sdk.mqtt] NavimowMQTT payload: topic=/downlink/vehicle/REDACTED-ROBOT-SERIAL/realtimeDate/state payload={"battery":96,"device_id":"REDACTED-ROBOT-SERIAL","state":"isRunning","timestamp":1787507639119}
2026-08-23 19:53:59.131 DEBUG (MainThread) [custom_components.navimow.coordinator] MQTT state received: device=REDACTED-ROBOT-SERIAL state=mowing battery=96
2026-08-23 19:53:59.132 DEBUG (MainThread) [custom_components.navimow.coordinator] MQTT state applied: device=REDACTED-ROBOT-SERIAL incoming_battery=96 held_battery=100
2026-08-23 19:54:28.693 DEBUG (MainThread) [custom_components.navimow.coordinator] Coordinator update: device=REDACTED-ROBOT-SERIAL source=mqtt_cache battery=100 mqtt_ts=6498978.731223175 mqtt_state_ts=6498978.731223175 http_ts=6498710.293217399
2026-08-23 19:55:01.693 DEBUG (MainThread) [custom_components.navimow.coordinator] Coordinator update: device=REDACTED-ROBOT-SERIAL source=mqtt_cache battery=100 mqtt_ts=6498978.731223175 mqtt_state_ts=6498978.731223175 http_ts=6498710.293217399
2026-08-23 19:55:19.066 DEBUG (paho-mqtt-client-REDACTED-MQTT-CLIENT-ID) [mower_sdk.mqtt] NavimowMQTT payload: topic=/downlink/vehicle/REDACTED-ROBOT-SERIAL/realtimeDate/state payload={"battery":95,"device_id":"REDACTED-ROBOT-SERIAL","state":"isRunning","timestamp":1787507719056}
2026-08-23 19:55:19.067 DEBUG (MainThread) [custom_components.navimow.coordinator] MQTT state received: device=REDACTED-ROBOT-SERIAL state=mowing battery=95
2026-08-23 19:55:19.067 DEBUG (MainThread) [custom_components.navimow.coordinator] MQTT state applied: device=REDACTED-ROBOT-SERIAL incoming_battery=95 held_battery=100
2026-08-23 19:55:45.984 DEBUG (paho-mqtt-client-REDACTED-MQTT-CLIENT-ID) [mower_sdk.mqtt] NavimowMQTT payload: topic=/downlink/vehicle/REDACTED-ROBOT-SERIAL/realtimeDate/state payload={"battery":95,"device_id":"REDACTED-ROBOT-SERIAL","state":"isRunning","timestamp":1787507745611}
2026-08-23 19:55:45.985 DEBUG (MainThread) [custom_components.navimow.coordinator] MQTT state received: device=REDACTED-ROBOT-SERIAL state=mowing battery=95
2026-08-23 19:55:45.985 DEBUG (MainThread) [custom_components.navimow.coordinator] MQTT state applied: device=REDACTED-ROBOT-SERIAL incoming_battery=95 held_battery=100
2026-08-23 19:56:10.649 DEBUG (paho-mqtt-client-REDACTED-MQTT-CLIENT-ID) [mower_sdk.mqtt] NavimowMQTT payload: topic=/downlink/vehicle/REDACTED-ROBOT-SERIAL/realtimeDate/state payload={"battery":95,"device_id":"REDACTED-ROBOT-SERIAL","state":"isDocking","timestamp":1787507770639}
2026-08-23 19:56:10.651 DEBUG (MainThread) [custom_components.navimow.coordinator] MQTT state received: device=REDACTED-ROBOT-SERIAL state=returning battery=95
2026-08-23 19:56:10.652 DEBUG (MainThread) [custom_components.navimow.coordinator] MQTT state applied: device=REDACTED-ROBOT-SERIAL incoming_battery=95 held_battery=100
2026-08-23 19:56:40.607 DEBUG (paho-mqtt-client-REDACTED-MQTT-CLIENT-ID) [mower_sdk.mqtt] NavimowMQTT payload: topic=/downlink/vehicle/REDACTED-ROBOT-SERIAL/realtimeDate/state payload={"battery":95,"device_id":"REDACTED-ROBOT-SERIAL","state":"isDocking","timestamp":1787507800597}
2026-08-23 19:56:40.608 DEBUG (MainThread) [custom_components.navimow.coordinator] MQTT state received: device=REDACTED-ROBOT-SERIAL state=returning battery=95
2026-08-23 19:56:40.609 DEBUG (MainThread) [custom_components.navimow.coordinator] MQTT state applied: device=REDACTED-ROBOT-SERIAL incoming_battery=95 held_battery=100
2026-08-23 19:56:53.934 DEBUG (paho-mqtt-client-REDACTED-MQTT-CLIENT-ID) [mower_sdk.mqtt] NavimowMQTT payload: topic=/downlink/vehicle/REDACTED-ROBOT-SERIAL/realtimeDate/state payload={"battery":94,"device_id":"REDACTED-ROBOT-SERIAL","state":"isDocking","timestamp":1787507813925}
2026-08-23 19:56:53.936 DEBUG (MainThread) [custom_components.navimow.coordinator] MQTT state received: device=REDACTED-ROBOT-SERIAL state=returning battery=94
2026-08-23 19:56:53.936 DEBUG (MainThread) [custom_components.navimow.coordinator] MQTT state applied: device=REDACTED-ROBOT-SERIAL incoming_battery=94 held_battery=100
2026-08-23 19:57:23.693 DEBUG (MainThread) [custom_components.navimow.coordinator] Coordinator update: device=REDACTED-ROBOT-SERIAL source=mqtt_cache battery=100 mqtt_ts=6499153.535510036 mqtt_state_ts=6499153.535510036 http_ts=6498710.293217399
2026-08-23 19:57:49.272 DEBUG (paho-mqtt-client-REDACTED-MQTT-CLIENT-ID) [mower_sdk.mqtt] NavimowMQTT payload: topic=/downlink/vehicle/REDACTED-ROBOT-SERIAL/realtimeDate/state payload={"battery":94,"device_id":"REDACTED-ROBOT-SERIAL","state":"isDocked","timestamp":1787507869262}
2026-08-23 19:57:49.273 DEBUG (MainThread) [custom_components.navimow.coordinator] MQTT state received: device=REDACTED-ROBOT-SERIAL state=docked battery=94
2026-08-23 19:57:49.273 DEBUG (MainThread) [custom_components.navimow.coordinator] MQTT state applied: device=REDACTED-ROBOT-SERIAL incoming_battery=94 held_battery=100
2026-08-23 19:57:52.113 DEBUG (paho-mqtt-client-REDACTED-MQTT-CLIENT-ID) [mower_sdk.mqtt] NavimowMQTT payload: topic=/downlink/vehicle/REDACTED-ROBOT-SERIAL/realtimeDate/state payload={"battery":94,"device_id":"REDACTED-ROBOT-SERIAL","state":"isIdel","timestamp":1787507872103}
2026-08-23 19:57:52.115 DEBUG (MainThread) [custom_components.navimow.coordinator] MQTT state received: device=REDACTED-ROBOT-SERIAL state=idle battery=94
2026-08-23 19:57:52.116 DEBUG (MainThread) [custom_components.navimow.coordinator] MQTT state applied: device=REDACTED-ROBOT-SERIAL incoming_battery=94 held_battery=100
2026-08-23 19:57:52.249 DEBUG (paho-mqtt-client-REDACTED-MQTT-CLIENT-ID) [mower_sdk.mqtt] NavimowMQTT payload: topic=/downlink/vehicle/REDACTED-ROBOT-SERIAL/realtimeDate/state payload={"battery":94,"device_id":"REDACTED-ROBOT-SERIAL","state":"isIdel","timestamp":1787507872240}
2026-08-23 19:57:52.251 DEBUG (MainThread) [custom_components.navimow.coordinator] MQTT state received: device=REDACTED-ROBOT-SERIAL state=idle battery=94
2026-08-23 19:57:52.253 DEBUG (MainThread) [custom_components.navimow.coordinator] MQTT state applied: device=REDACTED-ROBOT-SERIAL incoming_battery=94 held_battery=100
2026-08-23 19:57:52.816 DEBUG (paho-mqtt-client-REDACTED-MQTT-CLIENT-ID) [mower_sdk.mqtt] NavimowMQTT payload: topic=/downlink/vehicle/REDACTED-ROBOT-SERIAL/realtimeDate/state payload={"battery":94,"device_id":"REDACTED-ROBOT-SERIAL","state":"isDocked","timestamp":1787507872807}
2026-08-23 19:57:52.818 DEBUG (MainThread) [custom_components.navimow.coordinator] MQTT state received: device=REDACTED-ROBOT-SERIAL state=docked battery=94
2026-08-23 19:57:52.819 DEBUG (MainThread) [custom_components.navimow.coordinator] MQTT state applied: device=REDACTED-ROBOT-SERIAL incoming_battery=94 held_battery=100
2026-08-23 19:58:22.693 DEBUG (MainThread) [custom_components.navimow.coordinator] Coordinator update: device=REDACTED-ROBOT-SERIAL source=mqtt_cache battery=100 mqtt_ts=6499212.418472424 mqtt_state_ts=6499212.418472424 http_ts=6498710.293217399
2026-08-23 19:58:40.589 DEBUG (paho-mqtt-client-REDACTED-MQTT-CLIENT-ID) [mower_sdk.mqtt] NavimowMQTT payload: topic=/downlink/vehicle/REDACTED-ROBOT-SERIAL/realtimeDate/state payload={"battery":94,"device_id":"REDACTED-ROBOT-SERIAL","state":"isDocked","timestamp":1787507920578}
2026-08-23 19:58:40.590 DEBUG (MainThread) [custom_components.navimow.coordinator] MQTT state received: device=REDACTED-ROBOT-SERIAL state=docked battery=94
2026-08-23 19:58:40.590 DEBUG (MainThread) [custom_components.navimow.coordinator] MQTT state applied: device=REDACTED-ROBOT-SERIAL incoming_battery=94 held_battery=100
2026-08-23 19:59:10.693 DEBUG (MainThread) [custom_components.navimow.coordinator] Coordinator update: device=REDACTED-ROBOT-SERIAL source=mqtt_cache battery=100 mqtt_ts=6499260.189932727 mqtt_state_ts=6499260.189932727 http_ts=6498710.293217399
2026-08-23 19:59:38.685 DEBUG (paho-mqtt-client-REDACTED-MQTT-CLIENT-ID) [mower_sdk.mqtt] NavimowMQTT payload: topic=/downlink/vehicle/REDACTED-ROBOT-SERIAL/realtimeDate/state payload={"battery":95,"device_id":"REDACTED-ROBOT-SERIAL","state":"isDocked","timestamp":1787507978675}
2026-08-23 19:59:38.687 DEBUG (MainThread) [custom_components.navimow.coordinator] MQTT state received: device=REDACTED-ROBOT-SERIAL state=docked battery=95
2026-08-23 19:59:38.687 DEBUG (MainThread) [custom_components.navimow.coordinator] MQTT state applied: device=REDACTED-ROBOT-SERIAL incoming_battery=95 held_battery=100
2026-08-23 20:00:08.694 DEBUG (MainThread) [custom_components.navimow.coordinator] Coordinator update: device=REDACTED-ROBOT-SERIAL source=mqtt_cache battery=100 mqtt_ts=6499318.286834666 mqtt_state_ts=6499318.286834666 http_ts=6498710.293217399
2026-08-23 20:00:38.693 DEBUG (MainThread) [custom_components.navimow.coordinator] Coordinator update: device=REDACTED-ROBOT-SERIAL source=mqtt_cache battery=100 mqtt_ts=6499318.286834666 mqtt_state_ts=6499318.286834666 http_ts=6498710.293217399
2026-08-23 20:00:46.444 DEBUG (paho-mqtt-client-REDACTED-MQTT-CLIENT-ID) [mower_sdk.mqtt] NavimowMQTT payload: topic=/downlink/vehicle/REDACTED-ROBOT-SERIAL/realtimeDate/state payload={"battery":96,"device_id":"REDACTED-ROBOT-SERIAL","state":"isDocked","timestamp":1787508046419}
2026-08-23 20:00:46.445 DEBUG (MainThread) [custom_components.navimow.coordinator] MQTT state received: device=REDACTED-ROBOT-SERIAL state=docked battery=96
2026-08-23 20:00:46.446 DEBUG (MainThread) [custom_components.navimow.coordinator] MQTT state applied: device=REDACTED-ROBOT-SERIAL incoming_battery=96 held_battery=100
2026-08-23 20:01:16.693 DEBUG (MainThread) [custom_components.navimow.coordinator] Coordinator update: device=REDACTED-ROBOT-SERIAL source=mqtt_cache battery=100 mqtt_ts=6499386.04526955 mqtt_state_ts=6499386.04526955 http_ts=6498710.293217399
2026-08-23 20:01:46.693 DEBUG (MainThread) [custom_components.navimow.coordinator] Coordinator update: device=REDACTED-ROBOT-SERIAL source=mqtt_cache battery=100 mqtt_ts=6499386.04526955 mqtt_state_ts=6499386.04526955 http_ts=6498710.293217399
2026-08-23 20:01:51.199 DEBUG (paho-mqtt-client-REDACTED-MQTT-CLIENT-ID) [mower_sdk.mqtt] NavimowMQTT payload: topic=/downlink/vehicle/REDACTED-ROBOT-SERIAL/realtimeDate/state payload={"battery":97,"device_id":"REDACTED-ROBOT-SERIAL","state":"isDocked","timestamp":1787508111191}
2026-08-23 20:01:51.200 DEBUG (MainThread) [custom_components.navimow.coordinator] MQTT state received: device=REDACTED-ROBOT-SERIAL state=docked battery=97
2026-08-23 20:01:51.200 DEBUG (MainThread) [custom_components.navimow.coordinator] MQTT state applied: device=REDACTED-ROBOT-SERIAL incoming_battery=97 held_battery=100
2026-08-23 20:02:20.693 DEBUG (MainThread) [custom_components.navimow.coordinator] Coordinator update: device=REDACTED-ROBOT-SERIAL source=mqtt_cache battery=100 mqtt_ts=6499450.800124898 mqtt_state_ts=6499450.800124898 http_ts=6498710.293217399
2026-08-23 20:02:50.694 DEBUG (MainThread) [custom_components.navimow.coordinator] Coordinator update: device=REDACTED-ROBOT-SERIAL source=mqtt_cache battery=100 mqtt_ts=6499450.800124898 mqtt_state_ts=6499450.800124898 http_ts=6498710.293217399
2026-08-23 20:02:56.116 DEBUG (paho-mqtt-client-REDACTED-MQTT-CLIENT-ID) [mower_sdk.mqtt] NavimowMQTT payload: topic=/downlink/vehicle/REDACTED-ROBOT-SERIAL/realtimeDate/state payload={"battery":98,"device_id":"REDACTED-ROBOT-SERIAL","state":"isDocked","timestamp":1787508176102}
2026-08-23 20:02:56.117 DEBUG (MainThread) [custom_components.navimow.coordinator] MQTT state received: device=REDACTED-ROBOT-SERIAL state=docked battery=98
2026-08-23 20:02:56.118 DEBUG (MainThread) [custom_components.navimow.coordinator] MQTT state applied: device=REDACTED-ROBOT-SERIAL incoming_battery=98 held_battery=100
2026-08-23 20:03:25.693 DEBUG (MainThread) [custom_components.navimow.coordinator] Coordinator update: device=REDACTED-ROBOT-SERIAL source=mqtt_cache battery=100 mqtt_ts=6499515.717297372 mqtt_state_ts=6499515.717297372 http_ts=6498710.293217399
2026-08-23 20:03:55.693 DEBUG (MainThread) [custom_components.navimow.coordinator] Coordinator update: device=REDACTED-ROBOT-SERIAL source=mqtt_cache battery=100 mqtt_ts=6499515.717297372 mqtt_state_ts=6499515.717297372 http_ts=6498710.293217399
2026-08-23 20:04:06.612 DEBUG (paho-mqtt-client-REDACTED-MQTT-CLIENT-ID) [mower_sdk.mqtt] NavimowMQTT payload: topic=/downlink/vehicle/REDACTED-ROBOT-SERIAL/realtimeDate/state payload={"battery":99,"device_id":"REDACTED-ROBOT-SERIAL","state":"isDocked","timestamp":1787508246597}
2026-08-23 20:04:06.616 DEBUG (MainThread) [custom_components.navimow.coordinator] MQTT state received: device=REDACTED-ROBOT-SERIAL state=docked battery=99
2026-08-23 20:04:06.620 DEBUG (MainThread) [custom_components.navimow.coordinator] MQTT state applied: device=REDACTED-ROBOT-SERIAL incoming_battery=99 held_battery=100
2026-08-23 20:04:36.742 DEBUG (MainThread) [custom_components.navimow.coordinator] Coordinator update: device=REDACTED-ROBOT-SERIAL source=mqtt_cache battery=100 mqtt_ts=6499586.216408879 mqtt_state_ts=6499586.216408879 http_ts=6498710.293217399
2026-08-23 20:05:06.701 DEBUG (MainThread) [custom_components.navimow.coordinator] Coordinator update: device=REDACTED-ROBOT-SERIAL source=mqtt_cache battery=100 mqtt_ts=6499586.216408879 mqtt_state_ts=6499586.216408879 http_ts=6498710.293217399
2026-08-23 20:05:11.915 DEBUG (paho-mqtt-client-REDACTED-MQTT-CLIENT-ID) [mower_sdk.mqtt] NavimowMQTT payload: topic=/downlink/vehicle/REDACTED-ROBOT-SERIAL/realtimeDate/state payload={"battery":100,"device_id":"REDACTED-ROBOT-SERIAL","state":"isDocked","timestamp":1787508311904}
2026-08-23 20:05:11.916 DEBUG (MainThread) [custom_components.navimow.coordinator] MQTT state received: device=REDACTED-ROBOT-SERIAL state=docked battery=100
2026-08-23 20:05:11.917 DEBUG (MainThread) [custom_components.navimow.coordinator] MQTT state applied: device=REDACTED-ROBOT-SERIAL incoming_battery=100 held_battery=100
2026-08-23 20:05:41.693 DEBUG (MainThread) [custom_components.navimow.coordinator] Coordinator update: device=REDACTED-ROBOT-SERIAL source=mqtt_cache battery=100 mqtt_ts=6499651.516340136 mqtt_state_ts=6499651.516340136 http_ts=6498710.293217399
2026-08-23 20:06:11.694 DEBUG (MainThread) [custom_components.navimow.coordinator] Coordinator update: device=REDACTED-ROBOT-SERIAL source=mqtt_cache battery=100 mqtt_ts=6499651.516340136 mqtt_state_ts=6499651.516340136 http_ts=6498710.293217399
2026-08-23 20:06:41.694 DEBUG (MainThread) [custom_components.navimow.coordinator] Coordinator update: device=REDACTED-ROBOT-SERIAL source=mqtt_cache battery=100 mqtt_ts=6499651.516340136 mqtt_state_ts=6499651.516340136 http_ts=6498710.293217399
2026-08-23 20:07:11.849 INFO (MainThread) [custom_components.navimow.coordinator] HTTP fallback succeeded for device REDACTED-ROBOT-SERIAL (MQTT stale): battery=100
2026-08-23 20:07:11.849 DEBUG (MainThread) [custom_components.navimow.coordinator] Coordinator update: device=REDACTED-ROBOT-SERIAL source=http_fallback battery=100 mqtt_ts=6499651.516340136 mqtt_state_ts=6499651.516340136 http_ts=6499771.29313181
2026-08-23 20:07:41.694 DEBUG (MainThread) [custom_components.navimow.coordinator] Coordinator update: device=REDACTED-ROBOT-SERIAL source=mqtt_cache battery=100 mqtt_ts=6499651.516340136 mqtt_state_ts=6499651.516340136 http_ts=6499771.29313181
